// Jest Snapshot v1, https://goo.gl/fbAQLP

exports[`renders the headerbar correctly 1`] = `
<div
  className="sc-bdVaJa dcywn"
>
  Awesome title!
</div>
`;
